Assign cluster:c0 to chip:0, coreId4
Binary: chip0.binary
numCores=1
coreId=4, numCells=100
cellId=0(0), fanoutCores=1
	chipID:0 coreId:4 synMapOffset:0
	fanoutNums:2
		10
		1
cellId=1(1), fanoutCores=1
	chipID:0 coreId:4 synMapOffset:2
	fanoutNums:3
		0
		11
		2
cellId=10(10), fanoutCores=1
	chipID:0 coreId:4 synMapOffset:4
	fanoutNums:3
		0
		11
		20
cellId=11(11), fanoutCores=1
	chipID:0 coreId:4 synMapOffset:6
	fanoutNums:4
		10
		1
		21
		12
cellId=12(12), fanoutCores=1
	chipID:0 coreId:4 synMapOffset:8
	fanoutNums:4
		11
		2
		22
		13
cellId=13(13), fanoutCores=1
	chipID:0 coreId:4 synMapOffset:10
	fanoutNums:4
		3
		12
		14
		23
cellId=14(14), fanoutCores=1
	chipID:0 coreId:4 synMapOffset:12
	fanoutNums:4
		13
		4
		24
		15
cellId=15(15), fanoutCores=1
	chipID:0 coreId:4 synMapOffset:14
	fanoutNums:4
		14
		5
		16
		25
cellId=16(16), fanoutCores=1
	chipID:0 coreId:4 synMapOffset:16
	fanoutNums:4
		6
		15
		17
		26
cellId=17(17), fanoutCores=1
	chipID:0 coreId:4 synMapOffset:18
	fanoutNums:4
		16
		7
		18
		27
cellId=18(18), fanoutCores=1
	chipID:0 coreId:4 synMapOffset:20
	fanoutNums:4
		17
		8
		19
		28
cellId=19(19), fanoutCores=1
	chipID:0 coreId:4 synMapOffset:22
	fanoutNums:3
		18
		9
		29
cellId=2(2), fanoutCores=1
	chipID:0 coreId:4 synMapOffset:24
	fanoutNums:3
		1
		3
		12
cellId=20(20), fanoutCores=1
	chipID:0 coreId:4 synMapOffset:26
	fanoutNums:3
		10
		21
		30
cellId=21(21), fanoutCores=1
	chipID:0 coreId:4 synMapOffset:28
	fanoutNums:4
		11
		20
		22
		31
cellId=22(22), fanoutCores=1
	chipID:0 coreId:4 synMapOffset:30
	fanoutNums:4
		21
		12
		23
		32
cellId=23(23), fanoutCores=1
	chipID:0 coreId:4 synMapOffset:32
	fanoutNums:4
		22
		13
		24
		33
cellId=24(24), fanoutCores=1
	chipID:0 coreId:4 synMapOffset:34
	fanoutNums:4
		14
		23
		25
		34
cellId=25(25), fanoutCores=1
	chipID:0 coreId:4 synMapOffset:36
	fanoutNums:4
		24
		15
		26
		35
cellId=26(26), fanoutCores=1
	chipID:0 coreId:4 synMapOffset:38
	fanoutNums:4
		16
		25
		27
		36
cellId=27(27), fanoutCores=1
	chipID:0 coreId:4 synMapOffset:40
	fanoutNums:4
		17
		26
		28
		37
cellId=28(28), fanoutCores=1
	chipID:0 coreId:4 synMapOffset:42
	fanoutNums:4
		18
		27
		29
		38
cellId=29(29), fanoutCores=1
	chipID:0 coreId:4 synMapOffset:44
	fanoutNums:3
		19
		28
		39
cellId=3(3), fanoutCores=1
	chipID:0 coreId:4 synMapOffset:46
	fanoutNums:3
		2
		13
		4
cellId=30(30), fanoutCores=1
	chipID:0 coreId:4 synMapOffset:48
	fanoutNums:3
		20
		31
		40
cellId=31(31), fanoutCores=1
	chipID:0 coreId:4 synMapOffset:50
	fanoutNums:4
		21
		30
		32
		41
cellId=32(32), fanoutCores=1
	chipID:0 coreId:4 synMapOffset:52
	fanoutNums:4
		22
		31
		33
		42
cellId=33(33), fanoutCores=1
	chipID:0 coreId:4 synMapOffset:54
	fanoutNums:4
		23
		32
		34
		43
cellId=34(34), fanoutCores=1
	chipID:0 coreId:4 synMapOffset:56
	fanoutNums:4
		24
		33
		35
		44
cellId=35(35), fanoutCores=1
	chipID:0 coreId:4 synMapOffset:58
	fanoutNums:4
		25
		34
		36
		45
cellId=36(36), fanoutCores=1
	chipID:0 coreId:4 synMapOffset:60
	fanoutNums:4
		26
		35
		37
		46
cellId=37(37), fanoutCores=1
	chipID:0 coreId:4 synMapOffset:62
	fanoutNums:4
		27
		36
		38
		47
cellId=38(38), fanoutCores=1
	chipID:0 coreId:4 synMapOffset:64
	fanoutNums:4
		28
		37
		39
		48
cellId=39(39), fanoutCores=1
	chipID:0 coreId:4 synMapOffset:66
	fanoutNums:3
		29
		38
		49
cellId=4(4), fanoutCores=1
	chipID:0 coreId:4 synMapOffset:68
	fanoutNums:3
		3
		14
		5
cellId=40(40), fanoutCores=1
	chipID:0 coreId:4 synMapOffset:70
	fanoutNums:3
		30
		41
		50
cellId=41(41), fanoutCores=1
	chipID:0 coreId:4 synMapOffset:72
	fanoutNums:4
		31
		40
		42
		51
cellId=42(42), fanoutCores=1
	chipID:0 coreId:4 synMapOffset:74
	fanoutNums:4
		32
		41
		43
		52
cellId=43(43), fanoutCores=1
	chipID:0 coreId:4 synMapOffset:76
	fanoutNums:4
		33
		42
		44
		53
cellId=44(44), fanoutCores=1
	chipID:0 coreId:4 synMapOffset:78
	fanoutNums:4
		34
		43
		45
		54
cellId=45(45), fanoutCores=1
	chipID:0 coreId:4 synMapOffset:80
	fanoutNums:4
		35
		44
		46
		55
cellId=46(46), fanoutCores=1
	chipID:0 coreId:4 synMapOffset:82
	fanoutNums:4
		36
		45
		47
		56
cellId=47(47), fanoutCores=1
	chipID:0 coreId:4 synMapOffset:84
	fanoutNums:4
		37
		46
		48
		57
cellId=48(48), fanoutCores=1
	chipID:0 coreId:4 synMapOffset:86
	fanoutNums:4
		38
		47
		49
		58
cellId=49(49), fanoutCores=1
	chipID:0 coreId:4 synMapOffset:88
	fanoutNums:3
		39
		48
		59
cellId=5(5), fanoutCores=1
	chipID:0 coreId:4 synMapOffset:90
	fanoutNums:3
		4
		6
		15
cellId=50(50), fanoutCores=1
	chipID:0 coreId:4 synMapOffset:92
	fanoutNums:3
		40
		51
		60
cellId=51(51), fanoutCores=1
	chipID:0 coreId:4 synMapOffset:94
	fanoutNums:4
		41
		50
		52
		61
cellId=52(52), fanoutCores=1
	chipID:0 coreId:4 synMapOffset:96
	fanoutNums:4
		42
		51
		53
		62
cellId=53(53), fanoutCores=1
	chipID:0 coreId:4 synMapOffset:98
	fanoutNums:4
		43
		52
		54
		63
cellId=54(54), fanoutCores=1
	chipID:0 coreId:4 synMapOffset:100
	fanoutNums:4
		44
		53
		55
		64
cellId=55(55), fanoutCores=1
	chipID:0 coreId:4 synMapOffset:102
	fanoutNums:4
		45
		54
		56
		65
cellId=56(56), fanoutCores=1
	chipID:0 coreId:4 synMapOffset:104
	fanoutNums:4
		46
		55
		57
		66
cellId=57(57), fanoutCores=1
	chipID:0 coreId:4 synMapOffset:106
	fanoutNums:4
		47
		56
		58
		67
cellId=58(58), fanoutCores=1
	chipID:0 coreId:4 synMapOffset:108
	fanoutNums:4
		48
		57
		59
		68
cellId=59(59), fanoutCores=1
	chipID:0 coreId:4 synMapOffset:110
	fanoutNums:3
		49
		58
		69
cellId=6(6), fanoutCores=1
	chipID:0 coreId:4 synMapOffset:112
	fanoutNums:3
		5
		16
		7
cellId=60(60), fanoutCores=1
	chipID:0 coreId:4 synMapOffset:114
	fanoutNums:3
		50
		61
		70
cellId=61(61), fanoutCores=1
	chipID:0 coreId:4 synMapOffset:116
	fanoutNums:4
		51
		60
		62
		71
cellId=62(62), fanoutCores=1
	chipID:0 coreId:4 synMapOffset:118
	fanoutNums:4
		52
		61
		63
		72
cellId=63(63), fanoutCores=1
	chipID:0 coreId:4 synMapOffset:120
	fanoutNums:4
		53
		62
		64
		73
cellId=64(64), fanoutCores=1
	chipID:0 coreId:4 synMapOffset:122
	fanoutNums:4
		54
		63
		65
		74
cellId=65(65), fanoutCores=1
	chipID:0 coreId:4 synMapOffset:124
	fanoutNums:4
		55
		64
		66
		75
cellId=66(66), fanoutCores=1
	chipID:0 coreId:4 synMapOffset:126
	fanoutNums:4
		56
		65
		67
		76
cellId=67(67), fanoutCores=1
	chipID:0 coreId:4 synMapOffset:128
	fanoutNums:4
		57
		66
		68
		77
cellId=68(68), fanoutCores=1
	chipID:0 coreId:4 synMapOffset:130
	fanoutNums:4
		58
		67
		69
		78
cellId=69(69), fanoutCores=1
	chipID:0 coreId:4 synMapOffset:132
	fanoutNums:3
		59
		68
		79
cellId=7(7), fanoutCores=1
	chipID:0 coreId:4 synMapOffset:134
	fanoutNums:3
		6
		17
		8
cellId=70(70), fanoutCores=1
	chipID:0 coreId:4 synMapOffset:136
	fanoutNums:3
		60
		71
		80
cellId=71(71), fanoutCores=1
	chipID:0 coreId:4 synMapOffset:138
	fanoutNums:4
		61
		70
		72
		81
cellId=72(72), fanoutCores=1
	chipID:0 coreId:4 synMapOffset:140
	fanoutNums:4
		62
		71
		73
		82
cellId=73(73), fanoutCores=1
	chipID:0 coreId:4 synMapOffset:142
	fanoutNums:4
		63
		72
		74
		83
cellId=74(74), fanoutCores=1
	chipID:0 coreId:4 synMapOffset:144
	fanoutNums:4
		64
		73
		75
		84
cellId=75(75), fanoutCores=1
	chipID:0 coreId:4 synMapOffset:146
	fanoutNums:4
		65
		74
		76
		85
cellId=76(76), fanoutCores=1
	chipID:0 coreId:4 synMapOffset:148
	fanoutNums:4
		66
		75
		77
		86
cellId=77(77), fanoutCores=1
	chipID:0 coreId:4 synMapOffset:150
	fanoutNums:4
		67
		76
		78
		87
cellId=78(78), fanoutCores=1
	chipID:0 coreId:4 synMapOffset:152
	fanoutNums:4
		68
		77
		79
		88
cellId=79(79), fanoutCores=1
	chipID:0 coreId:4 synMapOffset:154
	fanoutNums:3
		69
		78
		89
cellId=8(8), fanoutCores=1
	chipID:0 coreId:4 synMapOffset:156
	fanoutNums:3
		7
		18
		9
cellId=80(80), fanoutCores=1
	chipID:0 coreId:4 synMapOffset:158
	fanoutNums:3
		70
		81
		90
cellId=81(81), fanoutCores=1
	chipID:0 coreId:4 synMapOffset:160
	fanoutNums:4
		71
		80
		82
		91
cellId=82(82), fanoutCores=1
	chipID:0 coreId:4 synMapOffset:162
	fanoutNums:4
		72
		81
		83
		92
cellId=83(83), fanoutCores=1
	chipID:0 coreId:4 synMapOffset:164
	fanoutNums:4
		73
		82
		84
		93
cellId=84(84), fanoutCores=1
	chipID:0 coreId:4 synMapOffset:166
	fanoutNums:4
		74
		83
		85
		94
cellId=85(85), fanoutCores=1
	chipID:0 coreId:4 synMapOffset:168
	fanoutNums:4
		75
		84
		86
		95
cellId=86(86), fanoutCores=1
	chipID:0 coreId:4 synMapOffset:170
	fanoutNums:4
		76
		85
		87
		96
cellId=87(87), fanoutCores=1
	chipID:0 coreId:4 synMapOffset:172
	fanoutNums:4
		77
		86
		88
		97
cellId=88(88), fanoutCores=1
	chipID:0 coreId:4 synMapOffset:174
	fanoutNums:4
		78
		87
		89
		98
cellId=89(89), fanoutCores=1
	chipID:0 coreId:4 synMapOffset:176
	fanoutNums:3
		79
		88
		99
cellId=9(9), fanoutCores=1
	chipID:0 coreId:4 synMapOffset:178
	fanoutNums:2
		8
		19
cellId=90(90), fanoutCores=1
	chipID:0 coreId:4 synMapOffset:180
	fanoutNums:2
		80
		91
cellId=91(91), fanoutCores=1
	chipID:0 coreId:4 synMapOffset:182
	fanoutNums:3
		81
		90
		92
cellId=92(92), fanoutCores=1
	chipID:0 coreId:4 synMapOffset:184
	fanoutNums:3
		82
		91
		93
cellId=93(93), fanoutCores=1
	chipID:0 coreId:4 synMapOffset:186
	fanoutNums:3
		83
		92
		94
cellId=94(94), fanoutCores=1
	chipID:0 coreId:4 synMapOffset:188
	fanoutNums:3
		84
		93
		95
cellId=95(95), fanoutCores=1
	chipID:0 coreId:4 synMapOffset:190
	fanoutNums:3
		85
		94
		96
cellId=96(96), fanoutCores=1
	chipID:0 coreId:4 synMapOffset:192
	fanoutNums:3
		86
		95
		97
cellId=97(97), fanoutCores=1
	chipID:0 coreId:4 synMapOffset:194
	fanoutNums:3
		87
		96
		98
cellId=98(98), fanoutCores=1
	chipID:0 coreId:4 synMapOffset:196
	fanoutNums:3
		88
		97
		99
cellId=99(99), fanoutCores=1
	chipID:0 coreId:4 synMapOffset:198
	fanoutNums:2
		89
		98
numSynapses:100
fanins:100
	synMapOffset:0
	numNeurons:2
		10,2,0
		1,2,0
	synMapOffset:2
	numNeurons:3
		0,2,0
		11,2,0
		2,2,0
	synMapOffset:4
	numNeurons:3
		0,2,0
		11,2,0
		20,2,0
	synMapOffset:6
	numNeurons:4
		10,2,0
		1,2,0
		21,2,0
		12,2,0
	synMapOffset:8
	numNeurons:4
		11,2,0
		2,2,0
		22,2,0
		13,2,0
	synMapOffset:10
	numNeurons:4
		3,2,0
		12,2,0
		14,2,0
		23,2,0
	synMapOffset:12
	numNeurons:4
		13,2,0
		4,2,0
		24,2,0
		15,2,0
	synMapOffset:14
	numNeurons:4
		14,2,0
		5,2,0
		16,2,0
		25,2,0
	synMapOffset:16
	numNeurons:4
		6,2,0
		15,2,0
		17,2,0
		26,2,0
	synMapOffset:18
	numNeurons:4
		16,2,0
		7,2,0
		18,2,0
		27,2,0
	synMapOffset:20
	numNeurons:4
		17,2,0
		8,2,0
		19,2,0
		28,2,0
	synMapOffset:22
	numNeurons:3
		18,2,0
		9,2,0
		29,2,0
	synMapOffset:24
	numNeurons:3
		1,2,0
		3,2,0
		12,2,0
	synMapOffset:26
	numNeurons:3
		10,2,0
		21,2,0
		30,2,0
	synMapOffset:28
	numNeurons:4
		11,2,0
		20,2,0
		22,2,0
		31,2,0
	synMapOffset:30
	numNeurons:4
		21,2,0
		12,2,0
		23,2,0
		32,2,0
	synMapOffset:32
	numNeurons:4
		22,2,0
		13,2,0
		24,2,0
		33,2,0
	synMapOffset:34
	numNeurons:4
		14,2,0
		23,2,0
		25,2,0
		34,2,0
	synMapOffset:36
	numNeurons:4
		24,2,0
		15,2,0
		26,2,0
		35,2,0
	synMapOffset:38
	numNeurons:4
		16,2,0
		25,2,0
		27,2,0
		36,2,0
	synMapOffset:40
	numNeurons:4
		17,2,0
		26,2,0
		28,2,0
		37,2,0
	synMapOffset:42
	numNeurons:4
		18,2,0
		27,2,0
		29,2,0
		38,2,0
	synMapOffset:44
	numNeurons:3
		19,2,0
		28,2,0
		39,2,0
	synMapOffset:46
	numNeurons:3
		2,2,0
		13,2,0
		4,2,0
	synMapOffset:48
	numNeurons:3
		20,2,0
		31,2,0
		40,2,0
	synMapOffset:50
	numNeurons:4
		21,2,0
		30,2,0
		32,2,0
		41,2,0
	synMapOffset:52
	numNeurons:4
		22,2,0
		31,2,0
		33,2,0
		42,2,0
	synMapOffset:54
	numNeurons:4
		23,2,0
		32,2,0
		34,2,0
		43,2,0
	synMapOffset:56
	numNeurons:4
		24,2,0
		33,2,0
		35,2,0
		44,2,0
	synMapOffset:58
	numNeurons:4
		25,2,0
		34,2,0
		36,2,0
		45,2,0
	synMapOffset:60
	numNeurons:4
		26,2,0
		35,2,0
		37,2,0
		46,2,0
	synMapOffset:62
	numNeurons:4
		27,2,0
		36,2,0
		38,2,0
		47,2,0
	synMapOffset:64
	numNeurons:4
		28,2,0
		37,2,0
		39,2,0
		48,2,0
	synMapOffset:66
	numNeurons:3
		29,2,0
		38,2,0
		49,2,0
	synMapOffset:68
	numNeurons:3
		3,2,0
		14,2,0
		5,2,0
	synMapOffset:70
	numNeurons:3
		30,2,0
		41,2,0
		50,2,0
	synMapOffset:72
	numNeurons:4
		31,2,0
		40,2,0
		42,2,0
		51,2,0
	synMapOffset:74
	numNeurons:4
		32,2,0
		41,2,0
		43,2,0
		52,2,0
	synMapOffset:76
	numNeurons:4
		33,2,0
		42,2,0
		44,2,0
		53,2,0
	synMapOffset:78
	numNeurons:4
		34,2,0
		43,2,0
		45,2,0
		54,2,0
	synMapOffset:80
	numNeurons:4
		35,2,0
		44,2,0
		46,2,0
		55,2,0
	synMapOffset:82
	numNeurons:4
		36,2,0
		45,2,0
		47,2,0
		56,2,0
	synMapOffset:84
	numNeurons:4
		37,2,0
		46,2,0
		48,2,0
		57,2,0
	synMapOffset:86
	numNeurons:4
		38,2,0
		47,2,0
		49,2,0
		58,2,0
	synMapOffset:88
	numNeurons:3
		39,2,0
		48,2,0
		59,2,0
	synMapOffset:90
	numNeurons:3
		4,2,0
		6,2,0
		15,2,0
	synMapOffset:92
	numNeurons:3
		40,2,0
		51,2,0
		60,2,0
	synMapOffset:94
	numNeurons:4
		41,2,0
		50,2,0
		52,2,0
		61,2,0
	synMapOffset:96
	numNeurons:4
		42,2,0
		51,2,0
		53,2,0
		62,2,0
	synMapOffset:98
	numNeurons:4
		43,2,0
		52,2,0
		54,2,0
		63,2,0
	synMapOffset:100
	numNeurons:4
		44,2,0
		53,2,0
		55,2,0
		64,2,0
	synMapOffset:102
	numNeurons:4
		45,2,0
		54,2,0
		56,2,0
		65,2,0
	synMapOffset:104
	numNeurons:4
		46,2,0
		55,2,0
		57,2,0
		66,2,0
	synMapOffset:106
	numNeurons:4
		47,2,0
		56,2,0
		58,2,0
		67,2,0
	synMapOffset:108
	numNeurons:4
		48,2,0
		57,2,0
		59,2,0
		68,2,0
	synMapOffset:110
	numNeurons:3
		49,2,0
		58,2,0
		69,2,0
	synMapOffset:112
	numNeurons:3
		5,2,0
		16,2,0
		7,2,0
	synMapOffset:114
	numNeurons:3
		50,2,0
		61,2,0
		70,2,0
	synMapOffset:116
	numNeurons:4
		51,2,0
		60,2,0
		62,2,0
		71,2,0
	synMapOffset:118
	numNeurons:4
		52,2,0
		61,2,0
		63,2,0
		72,2,0
	synMapOffset:120
	numNeurons:4
		53,2,0
		62,2,0
		64,2,0
		73,2,0
	synMapOffset:122
	numNeurons:4
		54,2,0
		63,2,0
		65,2,0
		74,2,0
	synMapOffset:124
	numNeurons:4
		55,2,0
		64,2,0
		66,2,0
		75,2,0
	synMapOffset:126
	numNeurons:4
		56,2,0
		65,2,0
		67,2,0
		76,2,0
	synMapOffset:128
	numNeurons:4
		57,2,0
		66,2,0
		68,2,0
		77,2,0
	synMapOffset:130
	numNeurons:4
		58,2,0
		67,2,0
		69,2,0
		78,2,0
	synMapOffset:132
	numNeurons:3
		59,2,0
		68,2,0
		79,2,0
	synMapOffset:134
	numNeurons:3
		6,2,0
		17,2,0
		8,2,0
	synMapOffset:136
	numNeurons:3
		60,2,0
		71,2,0
		80,2,0
	synMapOffset:138
	numNeurons:4
		61,2,0
		70,2,0
		72,2,0
		81,2,0
	synMapOffset:140
	numNeurons:4
		62,2,0
		71,2,0
		73,2,0
		82,2,0
	synMapOffset:142
	numNeurons:4
		63,2,0
		72,2,0
		74,2,0
		83,2,0
	synMapOffset:144
	numNeurons:4
		64,2,0
		73,2,0
		75,2,0
		84,2,0
	synMapOffset:146
	numNeurons:4
		65,2,0
		74,2,0
		76,2,0
		85,2,0
	synMapOffset:148
	numNeurons:4
		66,2,0
		75,2,0
		77,2,0
		86,2,0
	synMapOffset:150
	numNeurons:4
		67,2,0
		76,2,0
		78,2,0
		87,2,0
	synMapOffset:152
	numNeurons:4
		68,2,0
		77,2,0
		79,2,0
		88,2,0
	synMapOffset:154
	numNeurons:3
		69,2,0
		78,2,0
		89,2,0
	synMapOffset:156
	numNeurons:3
		7,2,0
		18,2,0
		9,2,0
	synMapOffset:158
	numNeurons:3
		70,2,0
		81,2,0
		90,2,0
	synMapOffset:160
	numNeurons:4
		71,2,0
		80,2,0
		82,2,0
		91,2,0
	synMapOffset:162
	numNeurons:4
		72,2,0
		81,2,0
		83,2,0
		92,2,0
	synMapOffset:164
	numNeurons:4
		73,2,0
		82,2,0
		84,2,0
		93,2,0
	synMapOffset:166
	numNeurons:4
		74,2,0
		83,2,0
		85,2,0
		94,2,0
	synMapOffset:168
	numNeurons:4
		75,2,0
		84,2,0
		86,2,0
		95,2,0
	synMapOffset:170
	numNeurons:4
		76,2,0
		85,2,0
		87,2,0
		96,2,0
	synMapOffset:172
	numNeurons:4
		77,2,0
		86,2,0
		88,2,0
		97,2,0
	synMapOffset:174
	numNeurons:4
		78,2,0
		87,2,0
		89,2,0
		98,2,0
	synMapOffset:176
	numNeurons:3
		79,2,0
		88,2,0
		99,2,0
	synMapOffset:178
	numNeurons:2
		8,2,0
		19,2,0
	synMapOffset:180
	numNeurons:2
		80,2,0
		91,2,0
	synMapOffset:182
	numNeurons:3
		81,2,0
		90,2,0
		92,2,0
	synMapOffset:184
	numNeurons:3
		82,2,0
		91,2,0
		93,2,0
	synMapOffset:186
	numNeurons:3
		83,2,0
		92,2,0
		94,2,0
	synMapOffset:188
	numNeurons:3
		84,2,0
		93,2,0
		95,2,0
	synMapOffset:190
	numNeurons:3
		85,2,0
		94,2,0
		96,2,0
	synMapOffset:192
	numNeurons:3
		86,2,0
		95,2,0
		97,2,0
	synMapOffset:194
	numNeurons:3
		87,2,0
		96,2,0
		98,2,0
	synMapOffset:196
	numNeurons:3
		88,2,0
		97,2,0
		99,2,0
	synMapOffset:198
	numNeurons:2
		89,2,0
		98,2,0
Chip 0, off Chip Port: 0
