===================================================
Dump clusters
Total clusters:1
===================================================
++++++++++++++++++++++++++++++++++++++++++++
Cluster c0, density:100
fanin: 100, fanout:100(300)
++++++++++++++++++++++++++++++++++++++++++++
	 node: 0
		 node->fanout: OUT_0_10
		 node->fanin: IN_1_0
		 node->fanin: IN_10_0
	 node: 1
		 node->fanout: OUT_1_0
		 node->fanin: IN_2_1
		 node->fanin: IN_0_10
		 node->fanin: IN_11_10
	 node: 10
		 node->fanout: OUT_10_0
		 node->fanin: IN_0_10
		 node->fanin: IN_11_10
		 node->fanin: IN_20_10
	 node: 11
		 node->fanout: OUT_11_10
		 node->fanin: IN_12_11
		 node->fanin: IN_21_11
		 node->fanin: IN_10_0
		 node->fanin: IN_1_0
	 node: 12
		 node->fanout: OUT_12_11
		 node->fanin: IN_11_10
		 node->fanin: IN_13_3
		 node->fanin: IN_22_21
		 node->fanin: IN_2_1
	 node: 13
		 node->fanout: OUT_13_3
		 node->fanin: IN_14_13
		 node->fanin: IN_12_11
		 node->fanin: IN_23_22
		 node->fanin: IN_3_2
	 node: 14
		 node->fanout: OUT_14_13
		 node->fanin: IN_15_14
		 node->fanin: IN_24_14
		 node->fanin: IN_13_3
		 node->fanin: IN_4_3
	 node: 15
		 node->fanout: OUT_15_14
		 node->fanin: IN_14_13
		 node->fanin: IN_16_6
		 node->fanin: IN_25_24
		 node->fanin: IN_5_4
	 node: 16
		 node->fanout: OUT_16_6
		 node->fanin: IN_17_16
		 node->fanin: IN_26_16
		 node->fanin: IN_15_14
		 node->fanin: IN_6_5
	 node: 17
		 node->fanout: OUT_17_16
		 node->fanin: IN_18_17
		 node->fanin: IN_27_17
		 node->fanin: IN_16_6
		 node->fanin: IN_7_6
	 node: 18
		 node->fanout: OUT_18_17
		 node->fanin: IN_19_18
		 node->fanin: IN_28_18
		 node->fanin: IN_17_16
		 node->fanin: IN_8_7
	 node: 19
		 node->fanout: OUT_19_18
		 node->fanin: IN_29_19
		 node->fanin: IN_18_17
		 node->fanin: IN_9_8
	 node: 2
		 node->fanout: OUT_2_1
		 node->fanin: IN_3_2
		 node->fanin: IN_12_11
		 node->fanin: IN_1_0
	 node: 20
		 node->fanout: OUT_20_10
		 node->fanin: IN_30_20
		 node->fanin: IN_10_0
		 node->fanin: IN_21_11
	 node: 21
		 node->fanout: OUT_21_11
		 node->fanin: IN_22_21
		 node->fanin: IN_31_21
		 node->fanin: IN_11_10
		 node->fanin: IN_20_10
	 node: 22
		 node->fanout: OUT_22_21
		 node->fanin: IN_23_22
		 node->fanin: IN_32_22
		 node->fanin: IN_12_11
		 node->fanin: IN_21_11
	 node: 23
		 node->fanout: OUT_23_22
		 node->fanin: IN_33_23
		 node->fanin: IN_13_3
		 node->fanin: IN_22_21
		 node->fanin: IN_24_14
	 node: 24
		 node->fanout: OUT_24_14
		 node->fanin: IN_25_24
		 node->fanin: IN_34_24
		 node->fanin: IN_14_13
		 node->fanin: IN_23_22
	 node: 25
		 node->fanout: OUT_25_24
		 node->fanin: IN_35_25
		 node->fanin: IN_15_14
		 node->fanin: IN_24_14
		 node->fanin: IN_26_16
	 node: 26
		 node->fanout: OUT_26_16
		 node->fanin: IN_36_26
		 node->fanin: IN_16_6
		 node->fanin: IN_25_24
		 node->fanin: IN_27_17
	 node: 27
		 node->fanout: OUT_27_17
		 node->fanin: IN_37_27
		 node->fanin: IN_17_16
		 node->fanin: IN_26_16
		 node->fanin: IN_28_18
	 node: 28
		 node->fanout: OUT_28_18
		 node->fanin: IN_38_28
		 node->fanin: IN_18_17
		 node->fanin: IN_27_17
		 node->fanin: IN_29_19
	 node: 29
		 node->fanout: OUT_29_19
		 node->fanin: IN_39_29
		 node->fanin: IN_19_18
		 node->fanin: IN_28_18
	 node: 3
		 node->fanout: OUT_3_2
		 node->fanin: IN_4_3
		 node->fanin: IN_13_3
		 node->fanin: IN_2_1
	 node: 30
		 node->fanout: OUT_30_20
		 node->fanin: IN_40_30
		 node->fanin: IN_20_10
		 node->fanin: IN_31_21
	 node: 31
		 node->fanout: OUT_31_21
		 node->fanin: IN_41_31
		 node->fanin: IN_21_11
		 node->fanin: IN_30_20
		 node->fanin: IN_32_22
	 node: 32
		 node->fanout: OUT_32_22
		 node->fanin: IN_42_32
		 node->fanin: IN_22_21
		 node->fanin: IN_31_21
		 node->fanin: IN_33_23
	 node: 33
		 node->fanout: OUT_33_23
		 node->fanin: IN_43_33
		 node->fanin: IN_23_22
		 node->fanin: IN_32_22
		 node->fanin: IN_34_24
	 node: 34
		 node->fanout: OUT_34_24
		 node->fanin: IN_44_34
		 node->fanin: IN_24_14
		 node->fanin: IN_33_23
		 node->fanin: IN_35_25
	 node: 35
		 node->fanout: OUT_35_25
		 node->fanin: IN_45_35
		 node->fanin: IN_25_24
		 node->fanin: IN_34_24
		 node->fanin: IN_36_26
	 node: 36
		 node->fanout: OUT_36_26
		 node->fanin: IN_46_36
		 node->fanin: IN_26_16
		 node->fanin: IN_35_25
		 node->fanin: IN_37_27
	 node: 37
		 node->fanout: OUT_37_27
		 node->fanin: IN_47_37
		 node->fanin: IN_27_17
		 node->fanin: IN_36_26
		 node->fanin: IN_38_28
	 node: 38
		 node->fanout: OUT_38_28
		 node->fanin: IN_48_38
		 node->fanin: IN_28_18
		 node->fanin: IN_37_27
		 node->fanin: IN_39_29
	 node: 39
		 node->fanout: OUT_39_29
		 node->fanin: IN_49_39
		 node->fanin: IN_29_19
		 node->fanin: IN_38_28
	 node: 4
		 node->fanout: OUT_4_3
		 node->fanin: IN_5_4
		 node->fanin: IN_14_13
		 node->fanin: IN_3_2
	 node: 40
		 node->fanout: OUT_40_30
		 node->fanin: IN_50_40
		 node->fanin: IN_30_20
		 node->fanin: IN_41_31
	 node: 41
		 node->fanout: OUT_41_31
		 node->fanin: IN_51_41
		 node->fanin: IN_31_21
		 node->fanin: IN_40_30
		 node->fanin: IN_42_32
	 node: 42
		 node->fanout: OUT_42_32
		 node->fanin: IN_52_42
		 node->fanin: IN_32_22
		 node->fanin: IN_41_31
		 node->fanin: IN_43_33
	 node: 43
		 node->fanout: OUT_43_33
		 node->fanin: IN_53_43
		 node->fanin: IN_33_23
		 node->fanin: IN_42_32
		 node->fanin: IN_44_34
	 node: 44
		 node->fanout: OUT_44_34
		 node->fanin: IN_54_44
		 node->fanin: IN_34_24
		 node->fanin: IN_43_33
		 node->fanin: IN_45_35
	 node: 45
		 node->fanout: OUT_45_35
		 node->fanin: IN_55_45
		 node->fanin: IN_35_25
		 node->fanin: IN_44_34
		 node->fanin: IN_46_36
	 node: 46
		 node->fanout: OUT_46_36
		 node->fanin: IN_56_46
		 node->fanin: IN_36_26
		 node->fanin: IN_45_35
		 node->fanin: IN_47_37
	 node: 47
		 node->fanout: OUT_47_37
		 node->fanin: IN_57_47
		 node->fanin: IN_37_27
		 node->fanin: IN_46_36
		 node->fanin: IN_48_38
	 node: 48
		 node->fanout: OUT_48_38
		 node->fanin: IN_58_48
		 node->fanin: IN_38_28
		 node->fanin: IN_47_37
		 node->fanin: IN_49_39
	 node: 49
		 node->fanout: OUT_49_39
		 node->fanin: IN_59_49
		 node->fanin: IN_39_29
		 node->fanin: IN_48_38
	 node: 5
		 node->fanout: OUT_5_4
		 node->fanin: IN_6_5
		 node->fanin: IN_15_14
		 node->fanin: IN_4_3
	 node: 50
		 node->fanout: OUT_50_40
		 node->fanin: IN_60_50
		 node->fanin: IN_40_30
		 node->fanin: IN_51_41
	 node: 51
		 node->fanout: OUT_51_41
		 node->fanin: IN_61_51
		 node->fanin: IN_41_31
		 node->fanin: IN_50_40
		 node->fanin: IN_52_42
	 node: 52
		 node->fanout: OUT_52_42
		 node->fanin: IN_62_52
		 node->fanin: IN_42_32
		 node->fanin: IN_51_41
		 node->fanin: IN_53_43
	 node: 53
		 node->fanout: OUT_53_43
		 node->fanin: IN_63_53
		 node->fanin: IN_43_33
		 node->fanin: IN_52_42
		 node->fanin: IN_54_44
	 node: 54
		 node->fanout: OUT_54_44
		 node->fanin: IN_64_54
		 node->fanin: IN_44_34
		 node->fanin: IN_53_43
		 node->fanin: IN_55_45
	 node: 55
		 node->fanout: OUT_55_45
		 node->fanin: IN_65_55
		 node->fanin: IN_45_35
		 node->fanin: IN_54_44
		 node->fanin: IN_56_46
	 node: 56
		 node->fanout: OUT_56_46
		 node->fanin: IN_66_56
		 node->fanin: IN_46_36
		 node->fanin: IN_55_45
		 node->fanin: IN_57_47
	 node: 57
		 node->fanout: OUT_57_47
		 node->fanin: IN_67_57
		 node->fanin: IN_47_37
		 node->fanin: IN_56_46
		 node->fanin: IN_58_48
	 node: 58
		 node->fanout: OUT_58_48
		 node->fanin: IN_68_58
		 node->fanin: IN_48_38
		 node->fanin: IN_57_47
		 node->fanin: IN_59_49
	 node: 59
		 node->fanout: OUT_59_49
		 node->fanin: IN_69_59
		 node->fanin: IN_49_39
		 node->fanin: IN_58_48
	 node: 6
		 node->fanout: OUT_6_5
		 node->fanin: IN_7_6
		 node->fanin: IN_16_6
		 node->fanin: IN_5_4
	 node: 60
		 node->fanout: OUT_60_50
		 node->fanin: IN_70_60
		 node->fanin: IN_50_40
		 node->fanin: IN_61_51
	 node: 61
		 node->fanout: OUT_61_51
		 node->fanin: IN_71_61
		 node->fanin: IN_51_41
		 node->fanin: IN_60_50
		 node->fanin: IN_62_52
	 node: 62
		 node->fanout: OUT_62_52
		 node->fanin: IN_72_62
		 node->fanin: IN_52_42
		 node->fanin: IN_61_51
		 node->fanin: IN_63_53
	 node: 63
		 node->fanout: OUT_63_53
		 node->fanin: IN_73_63
		 node->fanin: IN_53_43
		 node->fanin: IN_62_52
		 node->fanin: IN_64_54
	 node: 64
		 node->fanout: OUT_64_54
		 node->fanin: IN_74_64
		 node->fanin: IN_54_44
		 node->fanin: IN_63_53
		 node->fanin: IN_65_55
	 node: 65
		 node->fanout: OUT_65_55
		 node->fanin: IN_75_65
		 node->fanin: IN_55_45
		 node->fanin: IN_64_54
		 node->fanin: IN_66_56
	 node: 66
		 node->fanout: OUT_66_56
		 node->fanin: IN_76_66
		 node->fanin: IN_56_46
		 node->fanin: IN_65_55
		 node->fanin: IN_67_57
	 node: 67
		 node->fanout: OUT_67_57
		 node->fanin: IN_77_67
		 node->fanin: IN_57_47
		 node->fanin: IN_66_56
		 node->fanin: IN_68_58
	 node: 68
		 node->fanout: OUT_68_58
		 node->fanin: IN_78_68
		 node->fanin: IN_58_48
		 node->fanin: IN_67_57
		 node->fanin: IN_69_59
	 node: 69
		 node->fanout: OUT_69_59
		 node->fanin: IN_79_69
		 node->fanin: IN_59_49
		 node->fanin: IN_68_58
	 node: 7
		 node->fanout: OUT_7_6
		 node->fanin: IN_8_7
		 node->fanin: IN_17_16
		 node->fanin: IN_6_5
	 node: 70
		 node->fanout: OUT_70_60
		 node->fanin: IN_80_70
		 node->fanin: IN_60_50
		 node->fanin: IN_71_61
	 node: 71
		 node->fanout: OUT_71_61
		 node->fanin: IN_81_71
		 node->fanin: IN_61_51
		 node->fanin: IN_70_60
		 node->fanin: IN_72_62
	 node: 72
		 node->fanout: OUT_72_62
		 node->fanin: IN_82_72
		 node->fanin: IN_62_52
		 node->fanin: IN_71_61
		 node->fanin: IN_73_63
	 node: 73
		 node->fanout: OUT_73_63
		 node->fanin: IN_83_73
		 node->fanin: IN_63_53
		 node->fanin: IN_72_62
		 node->fanin: IN_74_64
	 node: 74
		 node->fanout: OUT_74_64
		 node->fanin: IN_84_74
		 node->fanin: IN_64_54
		 node->fanin: IN_73_63
		 node->fanin: IN_75_65
	 node: 75
		 node->fanout: OUT_75_65
		 node->fanin: IN_85_75
		 node->fanin: IN_65_55
		 node->fanin: IN_74_64
		 node->fanin: IN_76_66
	 node: 76
		 node->fanout: OUT_76_66
		 node->fanin: IN_86_76
		 node->fanin: IN_66_56
		 node->fanin: IN_75_65
		 node->fanin: IN_77_67
	 node: 77
		 node->fanout: OUT_77_67
		 node->fanin: IN_87_77
		 node->fanin: IN_67_57
		 node->fanin: IN_76_66
		 node->fanin: IN_78_68
	 node: 78
		 node->fanout: OUT_78_68
		 node->fanin: IN_88_78
		 node->fanin: IN_68_58
		 node->fanin: IN_77_67
		 node->fanin: IN_79_69
	 node: 79
		 node->fanout: OUT_79_69
		 node->fanin: IN_89_79
		 node->fanin: IN_69_59
		 node->fanin: IN_78_68
	 node: 8
		 node->fanout: OUT_8_7
		 node->fanin: IN_9_8
		 node->fanin: IN_18_17
		 node->fanin: IN_7_6
	 node: 80
		 node->fanout: OUT_80_70
		 node->fanin: IN_90_80
		 node->fanin: IN_70_60
		 node->fanin: IN_81_71
	 node: 81
		 node->fanout: OUT_81_71
		 node->fanin: IN_91_81
		 node->fanin: IN_71_61
		 node->fanin: IN_80_70
		 node->fanin: IN_82_72
	 node: 82
		 node->fanout: OUT_82_72
		 node->fanin: IN_92_82
		 node->fanin: IN_72_62
		 node->fanin: IN_81_71
		 node->fanin: IN_83_73
	 node: 83
		 node->fanout: OUT_83_73
		 node->fanin: IN_93_83
		 node->fanin: IN_73_63
		 node->fanin: IN_82_72
		 node->fanin: IN_84_74
	 node: 84
		 node->fanout: OUT_84_74
		 node->fanin: IN_94_84
		 node->fanin: IN_74_64
		 node->fanin: IN_83_73
		 node->fanin: IN_85_75
	 node: 85
		 node->fanout: OUT_85_75
		 node->fanin: IN_95_85
		 node->fanin: IN_75_65
		 node->fanin: IN_84_74
		 node->fanin: IN_86_76
	 node: 86
		 node->fanout: OUT_86_76
		 node->fanin: IN_96_86
		 node->fanin: IN_76_66
		 node->fanin: IN_85_75
		 node->fanin: IN_87_77
	 node: 87
		 node->fanout: OUT_87_77
		 node->fanin: IN_97_87
		 node->fanin: IN_77_67
		 node->fanin: IN_86_76
		 node->fanin: IN_88_78
	 node: 88
		 node->fanout: OUT_88_78
		 node->fanin: IN_98_88
		 node->fanin: IN_78_68
		 node->fanin: IN_87_77
		 node->fanin: IN_89_79
	 node: 89
		 node->fanout: OUT_89_79
		 node->fanin: IN_99_89
		 node->fanin: IN_79_69
		 node->fanin: IN_88_78
	 node: 9
		 node->fanout: OUT_9_8
		 node->fanin: IN_19_18
		 node->fanin: IN_8_7
	 node: 90
		 node->fanout: OUT_90_80
		 node->fanin: IN_80_70
		 node->fanin: IN_91_81
	 node: 91
		 node->fanout: OUT_91_81
		 node->fanin: IN_81_71
		 node->fanin: IN_90_80
		 node->fanin: IN_92_82
	 node: 92
		 node->fanout: OUT_92_82
		 node->fanin: IN_82_72
		 node->fanin: IN_91_81
		 node->fanin: IN_93_83
	 node: 93
		 node->fanout: OUT_93_83
		 node->fanin: IN_83_73
		 node->fanin: IN_92_82
		 node->fanin: IN_94_84
	 node: 94
		 node->fanout: OUT_94_84
		 node->fanin: IN_84_74
		 node->fanin: IN_93_83
		 node->fanin: IN_95_85
	 node: 95
		 node->fanout: OUT_95_85
		 node->fanin: IN_85_75
		 node->fanin: IN_94_84
		 node->fanin: IN_96_86
	 node: 96
		 node->fanout: OUT_96_86
		 node->fanin: IN_86_76
		 node->fanin: IN_95_85
		 node->fanin: IN_97_87
	 node: 97
		 node->fanout: OUT_97_87
		 node->fanin: IN_87_77
		 node->fanin: IN_96_86
		 node->fanin: IN_98_88
	 node: 98
		 node->fanout: OUT_98_88
		 node->fanin: IN_88_78
		 node->fanin: IN_97_87
		 node->fanin: IN_99_89
	 node: 99
		 node->fanout: OUT_99_89
		 node->fanin: IN_89_79
		 node->fanin: IN_98_88
	 fanout: OUT_0_10-->c0/IN_0_10
	 fanout: OUT_10_0-->c0/IN_10_0
	 fanout: OUT_11_10-->c0/IN_11_10
	 fanout: OUT_12_11-->c0/IN_12_11
	 fanout: OUT_13_3-->c0/IN_13_3
	 fanout: OUT_14_13-->c0/IN_14_13
	 fanout: OUT_15_14-->c0/IN_15_14
	 fanout: OUT_16_6-->c0/IN_16_6
	 fanout: OUT_17_16-->c0/IN_17_16
	 fanout: OUT_18_17-->c0/IN_18_17
	 fanout: OUT_19_18-->c0/IN_19_18
	 fanout: OUT_1_0-->c0/IN_1_0
	 fanout: OUT_20_10-->c0/IN_20_10
	 fanout: OUT_21_11-->c0/IN_21_11
	 fanout: OUT_22_21-->c0/IN_22_21
	 fanout: OUT_23_22-->c0/IN_23_22
	 fanout: OUT_24_14-->c0/IN_24_14
	 fanout: OUT_25_24-->c0/IN_25_24
	 fanout: OUT_26_16-->c0/IN_26_16
	 fanout: OUT_27_17-->c0/IN_27_17
	 fanout: OUT_28_18-->c0/IN_28_18
	 fanout: OUT_29_19-->c0/IN_29_19
	 fanout: OUT_2_1-->c0/IN_2_1
	 fanout: OUT_30_20-->c0/IN_30_20
	 fanout: OUT_31_21-->c0/IN_31_21
	 fanout: OUT_32_22-->c0/IN_32_22
	 fanout: OUT_33_23-->c0/IN_33_23
	 fanout: OUT_34_24-->c0/IN_34_24
	 fanout: OUT_35_25-->c0/IN_35_25
	 fanout: OUT_36_26-->c0/IN_36_26
	 fanout: OUT_37_27-->c0/IN_37_27
	 fanout: OUT_38_28-->c0/IN_38_28
	 fanout: OUT_39_29-->c0/IN_39_29
	 fanout: OUT_3_2-->c0/IN_3_2
	 fanout: OUT_40_30-->c0/IN_40_30
	 fanout: OUT_41_31-->c0/IN_41_31
	 fanout: OUT_42_32-->c0/IN_42_32
	 fanout: OUT_43_33-->c0/IN_43_33
	 fanout: OUT_44_34-->c0/IN_44_34
	 fanout: OUT_45_35-->c0/IN_45_35
	 fanout: OUT_46_36-->c0/IN_46_36
	 fanout: OUT_47_37-->c0/IN_47_37
	 fanout: OUT_48_38-->c0/IN_48_38
	 fanout: OUT_49_39-->c0/IN_49_39
	 fanout: OUT_4_3-->c0/IN_4_3
	 fanout: OUT_50_40-->c0/IN_50_40
	 fanout: OUT_51_41-->c0/IN_51_41
	 fanout: OUT_52_42-->c0/IN_52_42
	 fanout: OUT_53_43-->c0/IN_53_43
	 fanout: OUT_54_44-->c0/IN_54_44
	 fanout: OUT_55_45-->c0/IN_55_45
	 fanout: OUT_56_46-->c0/IN_56_46
	 fanout: OUT_57_47-->c0/IN_57_47
	 fanout: OUT_58_48-->c0/IN_58_48
	 fanout: OUT_59_49-->c0/IN_59_49
	 fanout: OUT_5_4-->c0/IN_5_4
	 fanout: OUT_60_50-->c0/IN_60_50
	 fanout: OUT_61_51-->c0/IN_61_51
	 fanout: OUT_62_52-->c0/IN_62_52
	 fanout: OUT_63_53-->c0/IN_63_53
	 fanout: OUT_64_54-->c0/IN_64_54
	 fanout: OUT_65_55-->c0/IN_65_55
	 fanout: OUT_66_56-->c0/IN_66_56
	 fanout: OUT_67_57-->c0/IN_67_57
	 fanout: OUT_68_58-->c0/IN_68_58
	 fanout: OUT_69_59-->c0/IN_69_59
	 fanout: OUT_6_5-->c0/IN_6_5
	 fanout: OUT_70_60-->c0/IN_70_60
	 fanout: OUT_71_61-->c0/IN_71_61
	 fanout: OUT_72_62-->c0/IN_72_62
	 fanout: OUT_73_63-->c0/IN_73_63
	 fanout: OUT_74_64-->c0/IN_74_64
	 fanout: OUT_75_65-->c0/IN_75_65
	 fanout: OUT_76_66-->c0/IN_76_66
	 fanout: OUT_77_67-->c0/IN_77_67
	 fanout: OUT_78_68-->c0/IN_78_68
	 fanout: OUT_79_69-->c0/IN_79_69
	 fanout: OUT_7_6-->c0/IN_7_6
	 fanout: OUT_80_70-->c0/IN_80_70
	 fanout: OUT_81_71-->c0/IN_81_71
	 fanout: OUT_82_72-->c0/IN_82_72
	 fanout: OUT_83_73-->c0/IN_83_73
	 fanout: OUT_84_74-->c0/IN_84_74
	 fanout: OUT_85_75-->c0/IN_85_75
	 fanout: OUT_86_76-->c0/IN_86_76
	 fanout: OUT_87_77-->c0/IN_87_77
	 fanout: OUT_88_78-->c0/IN_88_78
	 fanout: OUT_89_79-->c0/IN_89_79
	 fanout: OUT_8_7-->c0/IN_8_7
	 fanout: OUT_90_80-->c0/IN_90_80
	 fanout: OUT_91_81-->c0/IN_91_81
	 fanout: OUT_92_82-->c0/IN_92_82
	 fanout: OUT_93_83-->c0/IN_93_83
	 fanout: OUT_94_84-->c0/IN_94_84
	 fanout: OUT_95_85-->c0/IN_95_85
	 fanout: OUT_96_86-->c0/IN_96_86
	 fanout: OUT_97_87-->c0/IN_97_87
	 fanout: OUT_98_88-->c0/IN_98_88
	 fanout: OUT_99_89-->c0/IN_99_89
	 fanout: OUT_9_8-->c0/IN_9_8
	 fanin:  IN_0_10<--c0/OUT_0_10
	 fanin:  IN_10_0<--c0/OUT_10_0
	 fanin:  IN_11_10<--c0/OUT_11_10
	 fanin:  IN_12_11<--c0/OUT_12_11
	 fanin:  IN_13_3<--c0/OUT_13_3
	 fanin:  IN_14_13<--c0/OUT_14_13
	 fanin:  IN_15_14<--c0/OUT_15_14
	 fanin:  IN_16_6<--c0/OUT_16_6
	 fanin:  IN_17_16<--c0/OUT_17_16
	 fanin:  IN_18_17<--c0/OUT_18_17
	 fanin:  IN_19_18<--c0/OUT_19_18
	 fanin:  IN_1_0<--c0/OUT_1_0
	 fanin:  IN_20_10<--c0/OUT_20_10
	 fanin:  IN_21_11<--c0/OUT_21_11
	 fanin:  IN_22_21<--c0/OUT_22_21
	 fanin:  IN_23_22<--c0/OUT_23_22
	 fanin:  IN_24_14<--c0/OUT_24_14
	 fanin:  IN_25_24<--c0/OUT_25_24
	 fanin:  IN_26_16<--c0/OUT_26_16
	 fanin:  IN_27_17<--c0/OUT_27_17
	 fanin:  IN_28_18<--c0/OUT_28_18
	 fanin:  IN_29_19<--c0/OUT_29_19
	 fanin:  IN_2_1<--c0/OUT_2_1
	 fanin:  IN_30_20<--c0/OUT_30_20
	 fanin:  IN_31_21<--c0/OUT_31_21
	 fanin:  IN_32_22<--c0/OUT_32_22
	 fanin:  IN_33_23<--c0/OUT_33_23
	 fanin:  IN_34_24<--c0/OUT_34_24
	 fanin:  IN_35_25<--c0/OUT_35_25
	 fanin:  IN_36_26<--c0/OUT_36_26
	 fanin:  IN_37_27<--c0/OUT_37_27
	 fanin:  IN_38_28<--c0/OUT_38_28
	 fanin:  IN_39_29<--c0/OUT_39_29
	 fanin:  IN_3_2<--c0/OUT_3_2
	 fanin:  IN_40_30<--c0/OUT_40_30
	 fanin:  IN_41_31<--c0/OUT_41_31
	 fanin:  IN_42_32<--c0/OUT_42_32
	 fanin:  IN_43_33<--c0/OUT_43_33
	 fanin:  IN_44_34<--c0/OUT_44_34
	 fanin:  IN_45_35<--c0/OUT_45_35
	 fanin:  IN_46_36<--c0/OUT_46_36
	 fanin:  IN_47_37<--c0/OUT_47_37
	 fanin:  IN_48_38<--c0/OUT_48_38
	 fanin:  IN_49_39<--c0/OUT_49_39
	 fanin:  IN_4_3<--c0/OUT_4_3
	 fanin:  IN_50_40<--c0/OUT_50_40
	 fanin:  IN_51_41<--c0/OUT_51_41
	 fanin:  IN_52_42<--c0/OUT_52_42
	 fanin:  IN_53_43<--c0/OUT_53_43
	 fanin:  IN_54_44<--c0/OUT_54_44
	 fanin:  IN_55_45<--c0/OUT_55_45
	 fanin:  IN_56_46<--c0/OUT_56_46
	 fanin:  IN_57_47<--c0/OUT_57_47
	 fanin:  IN_58_48<--c0/OUT_58_48
	 fanin:  IN_59_49<--c0/OUT_59_49
	 fanin:  IN_5_4<--c0/OUT_5_4
	 fanin:  IN_60_50<--c0/OUT_60_50
	 fanin:  IN_61_51<--c0/OUT_61_51
	 fanin:  IN_62_52<--c0/OUT_62_52
	 fanin:  IN_63_53<--c0/OUT_63_53
	 fanin:  IN_64_54<--c0/OUT_64_54
	 fanin:  IN_65_55<--c0/OUT_65_55
	 fanin:  IN_66_56<--c0/OUT_66_56
	 fanin:  IN_67_57<--c0/OUT_67_57
	 fanin:  IN_68_58<--c0/OUT_68_58
	 fanin:  IN_69_59<--c0/OUT_69_59
	 fanin:  IN_6_5<--c0/OUT_6_5
	 fanin:  IN_70_60<--c0/OUT_70_60
	 fanin:  IN_71_61<--c0/OUT_71_61
	 fanin:  IN_72_62<--c0/OUT_72_62
	 fanin:  IN_73_63<--c0/OUT_73_63
	 fanin:  IN_74_64<--c0/OUT_74_64
	 fanin:  IN_75_65<--c0/OUT_75_65
	 fanin:  IN_76_66<--c0/OUT_76_66
	 fanin:  IN_77_67<--c0/OUT_77_67
	 fanin:  IN_78_68<--c0/OUT_78_68
	 fanin:  IN_79_69<--c0/OUT_79_69
	 fanin:  IN_7_6<--c0/OUT_7_6
	 fanin:  IN_80_70<--c0/OUT_80_70
	 fanin:  IN_81_71<--c0/OUT_81_71
	 fanin:  IN_82_72<--c0/OUT_82_72
	 fanin:  IN_83_73<--c0/OUT_83_73
	 fanin:  IN_84_74<--c0/OUT_84_74
	 fanin:  IN_85_75<--c0/OUT_85_75
	 fanin:  IN_86_76<--c0/OUT_86_76
	 fanin:  IN_87_77<--c0/OUT_87_77
	 fanin:  IN_88_78<--c0/OUT_88_78
	 fanin:  IN_89_79<--c0/OUT_89_79
	 fanin:  IN_8_7<--c0/OUT_8_7
	 fanin:  IN_90_80<--c0/OUT_90_80
	 fanin:  IN_91_81<--c0/OUT_91_81
	 fanin:  IN_92_82<--c0/OUT_92_82
	 fanin:  IN_93_83<--c0/OUT_93_83
	 fanin:  IN_94_84<--c0/OUT_94_84
	 fanin:  IN_95_85<--c0/OUT_95_85
	 fanin:  IN_96_86<--c0/OUT_96_86
	 fanin:  IN_97_87<--c0/OUT_97_87
	 fanin:  IN_98_88<--c0/OUT_98_88
	 fanin:  IN_99_89<--c0/OUT_99_89
	 fanin:  IN_9_8<--c0/OUT_9_8


Total Fanout Ports:100
Total Fanin Ports:100
