===================================================
Dump clusters
Total clusters:1
===================================================
++++++++++++++++++++++++++++++++++++++++++++
Cluster c0, density:16
fanin: 16, fanout:16(48)
++++++++++++++++++++++++++++++++++++++++++++
	 node: 0
		 node->fanout: OUT_0_4
		 node->fanin: IN_1_0
		 node->fanin: IN_4_0
	 node: 1
		 node->fanout: OUT_1_0
		 node->fanin: IN_2_1
		 node->fanin: IN_0_4
		 node->fanin: IN_5_4
	 node: 10
		 node->fanout: OUT_10_6
		 node->fanin: IN_11_7
		 node->fanin: IN_14_13
		 node->fanin: IN_6_5
		 node->fanin: IN_9_5
	 node: 11
		 node->fanout: OUT_11_7
		 node->fanin: IN_10_6
		 node->fanin: IN_15_14
		 node->fanin: IN_7_3
	 node: 12
		 node->fanout: OUT_12_8
		 node->fanin: IN_13_12
		 node->fanin: IN_8_4
	 node: 13
		 node->fanout: OUT_13_12
		 node->fanin: IN_14_13
		 node->fanin: IN_12_8
		 node->fanin: IN_9_5
	 node: 14
		 node->fanout: OUT_14_13
		 node->fanin: IN_15_14
		 node->fanin: IN_10_6
		 node->fanin: IN_13_12
	 node: 15
		 node->fanout: OUT_15_14
		 node->fanin: IN_11_7
		 node->fanin: IN_14_13
	 node: 2
		 node->fanout: OUT_2_1
		 node->fanin: IN_3_2
		 node->fanin: IN_1_0
		 node->fanin: IN_6_5
	 node: 3
		 node->fanout: OUT_3_2
		 node->fanin: IN_7_3
		 node->fanin: IN_2_1
	 node: 4
		 node->fanout: OUT_4_0
		 node->fanin: IN_0_4
		 node->fanin: IN_5_4
		 node->fanin: IN_8_4
	 node: 5
		 node->fanout: OUT_5_4
		 node->fanin: IN_6_5
		 node->fanin: IN_9_5
		 node->fanin: IN_1_0
		 node->fanin: IN_4_0
	 node: 6
		 node->fanout: OUT_6_5
		 node->fanin: IN_10_6
		 node->fanin: IN_2_1
		 node->fanin: IN_5_4
		 node->fanin: IN_7_3
	 node: 7
		 node->fanout: OUT_7_3
		 node->fanin: IN_11_7
		 node->fanin: IN_3_2
		 node->fanin: IN_6_5
	 node: 8
		 node->fanout: OUT_8_4
		 node->fanin: IN_12_8
		 node->fanin: IN_4_0
		 node->fanin: IN_9_5
	 node: 9
		 node->fanout: OUT_9_5
		 node->fanin: IN_10_6
		 node->fanin: IN_13_12
		 node->fanin: IN_5_4
		 node->fanin: IN_8_4
	 fanout: OUT_0_4-->c0/IN_0_4
	 fanout: OUT_10_6-->c0/IN_10_6
	 fanout: OUT_11_7-->c0/IN_11_7
	 fanout: OUT_12_8-->c0/IN_12_8
	 fanout: OUT_13_12-->c0/IN_13_12
	 fanout: OUT_14_13-->c0/IN_14_13
	 fanout: OUT_15_14-->c0/IN_15_14
	 fanout: OUT_1_0-->c0/IN_1_0
	 fanout: OUT_2_1-->c0/IN_2_1
	 fanout: OUT_3_2-->c0/IN_3_2
	 fanout: OUT_4_0-->c0/IN_4_0
	 fanout: OUT_5_4-->c0/IN_5_4
	 fanout: OUT_6_5-->c0/IN_6_5
	 fanout: OUT_7_3-->c0/IN_7_3
	 fanout: OUT_8_4-->c0/IN_8_4
	 fanout: OUT_9_5-->c0/IN_9_5
	 fanin:  IN_0_4<--c0/OUT_0_4
	 fanin:  IN_10_6<--c0/OUT_10_6
	 fanin:  IN_11_7<--c0/OUT_11_7
	 fanin:  IN_12_8<--c0/OUT_12_8
	 fanin:  IN_13_12<--c0/OUT_13_12
	 fanin:  IN_14_13<--c0/OUT_14_13
	 fanin:  IN_15_14<--c0/OUT_15_14
	 fanin:  IN_1_0<--c0/OUT_1_0
	 fanin:  IN_2_1<--c0/OUT_2_1
	 fanin:  IN_3_2<--c0/OUT_3_2
	 fanin:  IN_4_0<--c0/OUT_4_0
	 fanin:  IN_5_4<--c0/OUT_5_4
	 fanin:  IN_6_5<--c0/OUT_6_5
	 fanin:  IN_7_3<--c0/OUT_7_3
	 fanin:  IN_8_4<--c0/OUT_8_4
	 fanin:  IN_9_5<--c0/OUT_9_5


Total Fanout Ports:16
Total Fanin Ports:16
